// Jest Snapshot v1, https://goo.gl/fbAQLP

exports[`Component returns a value 1`] = `
<div
  className="interest category"
>
  <h3
    className="category-click"
    onClick={[Function]}
  >
    Interest:240
    <svg
      aria-hidden="true"
      className="svg-inline--fa fa-angle-down "
      data-icon="angle-down"
      data-prefix="fas"
      focusable="false"
      role="img"
      style={Object {}}
      viewBox="0 0 384 512"
      xmlns="http://www.w3.org/2000/svg"
    >
      <path
        d="M192 384c-8.188 0-16.38-3.125-22.62-9.375l-160-160c-12.5-12.5-12.5-32.75 0-45.25s32.75-12.5 45.25 0L192 306.8l137.4-137.4c12.5-12.5 32.75-12.5 45.25 0s12.5 32.75 0 45.25l-160 160C208.4 380.9 200.2 384 192 384z"
        fill="currentColor"
        style={Object {}}
      />
    </svg>
  </h3>
  <div
    className="item-wrapper hidden"
  >
    <div
      className="item hz"
    >
      <div>
        thingy
        :
      </div>
      <div>
        40
      </div>
    </div>
    <div
      className="item hz"
    >
      <div>
        notherone
        :
      </div>
      <div>
        50
      </div>
    </div>
    <div
      className="item hz"
    >
      <div>
        notherone
        :
      </div>
      <div>
        50
      </div>
    </div>
    <div
      className="item hz"
    >
      <div>
        notherone
        :
      </div>
      <div>
        50
      </div>
    </div>
    <div
      className="item hz"
    >
      <div>
        notherone
        :
      </div>
      <div>
        50
      </div>
    </div>
  </div>
</div>
`;
