// Jest Snapshot v1, https://goo.gl/fbAQLP

exports[`income returns the same as what it was 1`] = `
<div
  className="income-wrapper"
>
  <h2
    className="title"
  >
    Income
  </h2>
  <div
    className="hz"
  >
    <div
      className="v income-categories"
    >
      <h3>
        Salary: 
        13200
      </h3>
      <div
        className="interest category"
      >
        <h3
          className="category-click"
          onClick={[Function]}
        >
          Interest:240
          <svg
            aria-hidden="true"
            className="svg-inline--fa fa-angle-down "
            data-icon="angle-down"
            data-prefix="fas"
            focusable="false"
            role="img"
            style={Object {}}
            viewBox="0 0 384 512"
            xmlns="http://www.w3.org/2000/svg"
          >
            <path
              d="M192 384c-8.188 0-16.38-3.125-22.62-9.375l-160-160c-12.5-12.5-12.5-32.75 0-45.25s32.75-12.5 45.25 0L192 306.8l137.4-137.4c12.5-12.5 32.75-12.5 45.25 0s12.5 32.75 0 45.25l-160 160C208.4 380.9 200.2 384 192 384z"
              fill="currentColor"
              style={Object {}}
            />
          </svg>
        </h3>
        <div
          className="item-wrapper hidden"
        >
          <div
            className="item hz"
          >
            <div>
              thingy
              :
            </div>
            <div>
              40
            </div>
          </div>
          <div
            className="item hz"
          >
            <div>
              notherone
              :
            </div>
            <div>
              50
            </div>
          </div>
          <div
            className="item hz"
          >
            <div>
              notherone
              :
            </div>
            <div>
              50
            </div>
          </div>
          <div
            className="item hz"
          >
            <div>
              notherone
              :
            </div>
            <div>
              50
            </div>
          </div>
          <div
            className="item hz"
          >
            <div>
              notherone
              :
            </div>
            <div>
              50
            </div>
          </div>
        </div>
      </div>
      <div
        className="dividends category"
      >
        <h3
          className="category-click"
          onClick={[Function]}
        >
          Dividends:30
          <svg
            aria-hidden="true"
            className="svg-inline--fa fa-angle-down "
            data-icon="angle-down"
            data-prefix="fas"
            focusable="false"
            role="img"
            style={Object {}}
            viewBox="0 0 384 512"
            xmlns="http://www.w3.org/2000/svg"
          >
            <path
              d="M192 384c-8.188 0-16.38-3.125-22.62-9.375l-160-160c-12.5-12.5-12.5-32.75 0-45.25s32.75-12.5 45.25 0L192 306.8l137.4-137.4c12.5-12.5 32.75-12.5 45.25 0s12.5 32.75 0 45.25l-160 160C208.4 380.9 200.2 384 192 384z"
              fill="currentColor"
              style={Object {}}
            />
          </svg>
        </h3>
        <div
          className="item-wrapper hidden"
        >
          <div
            className="item hz"
          >
            <div>
              2Big
              :
            </div>
            <div>
              30
            </div>
          </div>
        </div>
      </div>
      <div
        className="real-estate category"
      >
        <h3
          className="category-click"
          onClick={[Function]}
        >
          Real Estate:600
          <svg
            aria-hidden="true"
            className="svg-inline--fa fa-angle-down "
            data-icon="angle-down"
            data-prefix="fas"
            focusable="false"
            role="img"
            style={Object {}}
            viewBox="0 0 384 512"
            xmlns="http://www.w3.org/2000/svg"
          >
            <path
              d="M192 384c-8.188 0-16.38-3.125-22.62-9.375l-160-160c-12.5-12.5-12.5-32.75 0-45.25s32.75-12.5 45.25 0L192 306.8l137.4-137.4c12.5-12.5 32.75-12.5 45.25 0s12.5 32.75 0 45.25l-160 160C208.4 380.9 200.2 384 192 384z"
              fill="currentColor"
              style={Object {}}
            />
          </svg>
        </h3>
        <div
          className="item-wrapper hidden"
        >
          <div
            className="item hz"
          >
            <div>
              3/2 House
              :
            </div>
            <div>
              200
            </div>
          </div>
          <div
            className="item hz"
          >
            <div>
              3/2 House
              :
            </div>
            <div>
              400
            </div>
          </div>
        </div>
      </div>
      <div
        className="businesses category"
      >
        <h3
          className="category-click"
          onClick={[Function]}
        >
          Businesses:3200
          <svg
            aria-hidden="true"
            className="svg-inline--fa fa-angle-down "
            data-icon="angle-down"
            data-prefix="fas"
            focusable="false"
            role="img"
            style={Object {}}
            viewBox="0 0 384 512"
            xmlns="http://www.w3.org/2000/svg"
          >
            <path
              d="M192 384c-8.188 0-16.38-3.125-22.62-9.375l-160-160c-12.5-12.5-12.5-32.75 0-45.25s32.75-12.5 45.25 0L192 306.8l137.4-137.4c12.5-12.5 32.75-12.5 45.25 0s12.5 32.75 0 45.25l-160 160C208.4 380.9 200.2 384 192 384z"
              fill="currentColor"
              style={Object {}}
            />
          </svg>
        </h3>
        <div
          className="item-wrapper hidden"
        >
          <div
            className="item hz"
          >
            <div>
              Auto Parts
              :
            </div>
            <div>
              1500
            </div>
          </div>
          <div
            className="item hz"
          >
            <div>
              Auto Parts
              :
            </div>
            <div>
              1700
            </div>
          </div>
        </div>
      </div>
    </div>
    <div
      className="v income-main"
    >
      <h3>
        Passive Income: 
        4000
      </h3>
      <h3>
        Total Income: 
        12000
      </h3>
    </div>
  </div>
</div>
`;
